{"tool":"pest","result":"failed","tests":72,"passed":63,"assertions":225,"duration_ms":13368,"failed":5,"failures":[{"test":"P\\Tests\\Feature\\CategoryTest::__pest_evaluable_unauthorized_users_cannot_view_categories","file":"\\Users\\Admin\\Herd\\sadiq-autopart\\vendor\\laravel\\framework\\src\\Illuminate\\Testing\\TestResponseAssert.php","line":45,"message":"Expected response status code [403] but received 200.\nFailed asserting that 200 is identical to 403."},{"test":"P\\Tests\\Feature\\CustomerTest::__pest_evaluable_unauthorized_users_cannot_view_customers","file":"\\Users\\Admin\\Herd\\sadiq-autopart\\vendor\\laravel\\framework\\src\\Illuminate\\Testing\\TestResponseAssert.php","line":45,"message":"Expected response status code [403] but received 200.\nFailed asserting that 200 is identical to 403."},{"test":"P\\Tests\\Feature\\ExpenseTest::__pest_evaluable_unauthorized_users_cannot_view_expenses","file":"\\Users\\Admin\\Herd\\sadiq-autopart\\vendor\\laravel\\framework\\src\\Illuminate\\Testing\\TestResponseAssert.php","line":45,"message":"Expected response status code [403] but received 200.\nFailed asserting that 200 is identical to 403."},{"test":"P\\Tests\\Feature\\ProductTest::__pest_evaluable_unauthorized_users_cannot_view_products","file":"\\Users\\Admin\\Herd\\sadiq-autopart\\vendor\\laravel\\framework\\src\\Illuminate\\Testing\\TestResponseAssert.php","line":45,"message":"Expected response status code [403] but received 200.\nFailed asserting that 200 is identical to 403."},{"test":"P\\Tests\\Feature\\SupplierTest::__pest_evaluable_unauthorized_users_cannot_view_suppliers","file":"\\Users\\Admin\\Herd\\sadiq-autopart\\vendor\\laravel\\framework\\src\\Illuminate\\Testing\\TestResponseAssert.php","line":45,"message":"Expected response status code [403] but received 200.\nFailed asserting that 200 is identical to 403."}],"errors":4,"error_details":[{"test":"P\\Tests\\Feature\\ExpenseTest::__pest_evaluable_admin_can_view_expenses_list","file":"\\Users\\Admin\\Herd\\sadiq-autopart\\vendor\\laravel\\framework\\src\\Illuminate\\Database\\Connection.php","line":581,"message":"SQLSTATE[HY000]: General error: 1 table expenses has no column named description (Connection: sqlite, Database: :memory:, SQL: insert into \"expenses\" (\"user_id\", \"category\", \"amount\", \"expense_date\", \"description\", \"updated_at\", \"created_at\") values (1, Supplies, 404.37, 2026-04-12 21:18:01, Voluptas voluptatem blanditiis cupiditate molestias dolores et., 2026-05-12 20:00:01, 2026-05-12 20:00:01))"},{"test":"P\\Tests\\Feature\\ExpenseTest::__pest_evaluable_admin_can_create_an_expense","file":"\\Users\\Admin\\Herd\\sadiq-autopart\\vendor\\laravel\\framework\\src\\Illuminate\\Testing\\TestResponseAssert.php","line":81,"message":"Call to a member function all() on array"},{"test":"P\\Tests\\Feature\\ExpenseTest::__pest_evaluable_admin_can_update_an_expense","file":"\\Users\\Admin\\Herd\\sadiq-autopart\\vendor\\laravel\\framework\\src\\Illuminate\\Database\\Connection.php","line":581,"message":"SQLSTATE[HY000]: General error: 1 table expenses has no column named description (Connection: sqlite, Database: :memory:, SQL: insert into \"expenses\" (\"user_id\", \"category\", \"amount\", \"expense_date\", \"description\", \"updated_at\", \"created_at\") values (1, Old Category, 949.17, 2026-05-06 06:54:14, Ipsa architecto et fuga aspernatur ullam nisi., 2026-05-12 20:00:02, 2026-05-12 20:00:02))"},{"test":"P\\Tests\\Feature\\ExpenseTest::__pest_evaluable_admin_can_delete_an_expense","file":"\\Users\\Admin\\Herd\\sadiq-autopart\\vendor\\laravel\\framework\\src\\Illuminate\\Database\\Connection.php","line":581,"message":"SQLSTATE[HY000]: General error: 1 table expenses has no column named description (Connection: sqlite, Database: :memory:, SQL: insert into \"expenses\" (\"user_id\", \"category\", \"amount\", \"expense_date\", \"description\", \"updated_at\", \"created_at\") values (1, Utilities, 650.97, 2026-04-26 01:42:45, Nesciunt et ut in sapiente laudantium repellat., 2026-05-12 20:00:02, 2026-05-12 20:00:02))"}]}
